2026-07-10 17:51:35 | INFO     | JARVIS | JARVIS has started successfully.
2026-07-10 17:51:35 | WARNING  | JARVIS | Low memory warning.
2026-07-10 17:51:35 | ERROR    | JARVIS | Sample error.
2026-07-10 17:51:35 | CRITICAL | JARVIS | Critical system message.
2026-07-19 18:42:11 | INFO     | JARVIS | JARVIS has started successfully.
2026-07-19 18:42:11 | WARNING  | JARVIS | Low memory warning.
2026-07-19 18:42:11 | ERROR    | JARVIS | Sample error.
2026-07-19 18:42:11 | CRITICAL | JARVIS | Critical system message.
2026-07-21 22:24:21 | ERROR    | JARVIS | Listener 'bad_listener' crashed while handling 'voice.command'.
Traceback (most recent call last):
  File "/Users/kothaabhinaykumar/Desktop/Jarvis/backend/app/core/event_bus.py", line 169, in publish
    listener(event)
  File "/Users/kothaabhinaykumar/Desktop/Jarvis/backend/tests/unit/test_event_bus.py", line 111, in bad_listener
    raise RuntimeError("Boom")
RuntimeError: Boom
2026-07-21 22:33:20 | INFO     | JARVIS | ======================================
2026-07-21 22:33:20 | INFO     | JARVIS | Starting JARVIS...
2026-07-21 22:33:20 | INFO     | JARVIS | Version : 1.0.0
2026-07-21 22:33:20 | INFO     | JARVIS | Wake Word : Jarvis
2026-07-21 22:33:20 | INFO     | JARVIS | ======================================
2026-07-21 22:37:48 | INFO     | JARVIS | ======================================
2026-07-21 22:37:48 | INFO     | JARVIS | Shutting down JARVIS...
2026-07-21 22:37:48 | INFO     | JARVIS | Goodbye!
2026-07-21 22:37:48 | INFO     | JARVIS | ======================================
2026-07-21 22:45:51 | INFO     | JARVIS | ======================================
2026-07-21 22:45:51 | INFO     | JARVIS | Starting JARVIS...
2026-07-21 22:45:51 | INFO     | JARVIS | Version : 1.0.0
2026-07-21 22:45:51 | INFO     | JARVIS | Wake Word : Jarvis
2026-07-21 22:45:51 | INFO     | JARVIS | ======================================
2026-07-21 22:49:56 | INFO     | JARVIS | ======================================
2026-07-21 22:49:56 | INFO     | JARVIS | Shutting down JARVIS...
2026-07-21 22:49:56 | INFO     | JARVIS | Goodbye!
2026-07-21 22:49:56 | INFO     | JARVIS | ======================================
2026-07-21 23:16:06 | INFO     | JARVIS | ======================================
2026-07-21 23:16:06 | INFO     | JARVIS | Starting JARVIS...
2026-07-21 23:16:06 | INFO     | JARVIS | Version : 1.0.0
2026-07-21 23:16:06 | INFO     | JARVIS | Wake Word : Jarvis
2026-07-21 23:16:06 | INFO     | JARVIS | ======================================
2026-07-21 23:22:47 | INFO     | JARVIS | ======================================
2026-07-21 23:22:47 | INFO     | JARVIS | Shutting down JARVIS...
2026-07-21 23:22:47 | INFO     | JARVIS | Goodbye!
2026-07-21 23:22:47 | INFO     | JARVIS | ======================================
2026-07-21 23:22:47 | INFO     | JARVIS | ======================================
2026-07-21 23:22:47 | INFO     | JARVIS | Starting JARVIS...
2026-07-21 23:22:47 | INFO     | JARVIS | Version : 1.0.0
2026-07-21 23:22:47 | INFO     | JARVIS | Wake Word : Jarvis
2026-07-21 23:22:47 | INFO     | JARVIS | ======================================
2026-07-21 23:23:03 | INFO     | JARVIS | ======================================
2026-07-21 23:23:03 | INFO     | JARVIS | Shutting down JARVIS...
2026-07-21 23:23:03 | INFO     | JARVIS | Goodbye!
2026-07-21 23:23:03 | INFO     | JARVIS | ======================================
2026-07-21 23:23:27 | INFO     | JARVIS | ======================================
2026-07-21 23:23:27 | INFO     | JARVIS | Starting JARVIS...
2026-07-21 23:23:27 | INFO     | JARVIS | Version : 1.0.0
2026-07-21 23:23:27 | INFO     | JARVIS | Wake Word : Jarvis
2026-07-21 23:23:27 | INFO     | JARVIS | ======================================
2026-07-21 23:32:05 | INFO     | JARVIS | ======================================
2026-07-21 23:32:05 | INFO     | JARVIS | Shutting down JARVIS...
2026-07-21 23:32:05 | INFO     | JARVIS | Goodbye!
2026-07-21 23:32:05 | INFO     | JARVIS | ======================================
2026-07-21 23:32:06 | INFO     | JARVIS | ======================================
2026-07-21 23:32:06 | INFO     | JARVIS | Starting JARVIS...
2026-07-21 23:32:06 | INFO     | JARVIS | Version : 1.0.0
2026-07-21 23:32:06 | INFO     | JARVIS | Wake Word : Jarvis
2026-07-21 23:32:06 | INFO     | JARVIS | ======================================
2026-07-21 23:32:09 | INFO     | JARVIS | ======================================
2026-07-21 23:32:09 | INFO     | JARVIS | Shutting down JARVIS...
2026-07-21 23:32:09 | INFO     | JARVIS | Goodbye!
2026-07-21 23:32:09 | INFO     | JARVIS | ======================================
2026-07-21 23:32:10 | INFO     | JARVIS | ======================================
2026-07-21 23:32:10 | INFO     | JARVIS | Starting JARVIS...
2026-07-21 23:32:10 | INFO     | JARVIS | Version : 1.0.0
2026-07-21 23:32:10 | INFO     | JARVIS | Wake Word : Jarvis
2026-07-21 23:32:10 | INFO     | JARVIS | ======================================
2026-07-21 23:33:12 | INFO     | JARVIS | ======================================
2026-07-21 23:33:12 | INFO     | JARVIS | Shutting down JARVIS...
2026-07-21 23:33:12 | INFO     | JARVIS | Goodbye!
2026-07-21 23:33:12 | INFO     | JARVIS | ======================================
2026-07-21 23:33:13 | INFO     | JARVIS | ======================================
2026-07-21 23:33:13 | INFO     | JARVIS | Starting JARVIS...
2026-07-21 23:33:13 | INFO     | JARVIS | Version : 1.0.0
2026-07-21 23:33:13 | INFO     | JARVIS | Wake Word : Jarvis
2026-07-21 23:33:13 | INFO     | JARVIS | ======================================
2026-07-21 23:34:29 | INFO     | JARVIS | ======================================
2026-07-21 23:34:29 | INFO     | JARVIS | Shutting down JARVIS...
2026-07-21 23:34:29 | INFO     | JARVIS | Goodbye!
2026-07-21 23:34:29 | INFO     | JARVIS | ======================================
2026-07-21 23:34:29 | INFO     | JARVIS | ======================================
2026-07-21 23:34:29 | INFO     | JARVIS | Starting JARVIS...
2026-07-21 23:34:29 | INFO     | JARVIS | Version : 1.0.0
2026-07-21 23:34:29 | INFO     | JARVIS | Wake Word : Jarvis
2026-07-21 23:34:29 | INFO     | JARVIS | ======================================
2026-07-21 23:34:55 | INFO     | JARVIS | ======================================
2026-07-21 23:34:55 | INFO     | JARVIS | Shutting down JARVIS...
2026-07-21 23:34:55 | INFO     | JARVIS | Goodbye!
2026-07-21 23:34:55 | INFO     | JARVIS | ======================================
2026-07-21 23:39:00 | INFO     | JARVIS | ======================================
2026-07-21 23:39:00 | INFO     | JARVIS | Starting JARVIS...
2026-07-21 23:39:00 | INFO     | JARVIS | Version : 1.0.0
2026-07-21 23:39:00 | INFO     | JARVIS | Wake Word : Jarvis
2026-07-21 23:39:00 | INFO     | JARVIS | ======================================
2026-07-21 23:52:00 | INFO     | JARVIS | ======================================
2026-07-21 23:52:00 | INFO     | JARVIS | Shutting down JARVIS...
2026-07-21 23:52:00 | INFO     | JARVIS | Goodbye!
2026-07-21 23:52:00 | INFO     | JARVIS | ======================================
2026-07-21 23:52:00 | INFO     | JARVIS | ======================================
2026-07-21 23:52:00 | INFO     | JARVIS | Starting JARVIS...
2026-07-21 23:52:00 | INFO     | JARVIS | Version : 1.0.0
2026-07-21 23:52:00 | INFO     | JARVIS | Wake Word : Jarvis
2026-07-21 23:52:00 | INFO     | JARVIS | ======================================
2026-07-21 23:52:16 | INFO     | JARVIS | ======================================
2026-07-21 23:52:16 | INFO     | JARVIS | Shutting down JARVIS...
2026-07-21 23:52:16 | INFO     | JARVIS | Goodbye!
2026-07-21 23:52:16 | INFO     | JARVIS | ======================================
2026-07-21 23:52:16 | INFO     | JARVIS | ======================================
2026-07-21 23:52:16 | INFO     | JARVIS | Starting JARVIS...
2026-07-21 23:52:16 | INFO     | JARVIS | Version : 1.0.0
2026-07-21 23:52:16 | INFO     | JARVIS | Wake Word : Jarvis
2026-07-21 23:52:16 | INFO     | JARVIS | ======================================
2026-07-21 23:52:28 | INFO     | JARVIS | ======================================
2026-07-21 23:52:28 | INFO     | JARVIS | Shutting down JARVIS...
2026-07-21 23:52:28 | INFO     | JARVIS | Goodbye!
2026-07-21 23:52:28 | INFO     | JARVIS | ======================================
2026-07-21 23:52:46 | INFO     | JARVIS | ======================================
2026-07-21 23:52:46 | INFO     | JARVIS | Starting JARVIS...
2026-07-21 23:52:46 | INFO     | JARVIS | Version : 1.0.0
2026-07-21 23:52:46 | INFO     | JARVIS | Wake Word : Jarvis
2026-07-21 23:52:46 | INFO     | JARVIS | ======================================
2026-07-21 23:53:22 | INFO     | JARVIS | ======================================
2026-07-21 23:53:22 | INFO     | JARVIS | Shutting down JARVIS...
2026-07-21 23:53:22 | INFO     | JARVIS | Goodbye!
2026-07-21 23:53:22 | INFO     | JARVIS | ======================================
2026-07-22 00:13:19 | INFO     | JARVIS | ======================================
2026-07-22 00:13:19 | INFO     | JARVIS | Starting JARVIS...
2026-07-22 00:13:19 | INFO     | JARVIS | Version : 1.0.0
2026-07-22 00:13:19 | INFO     | JARVIS | Wake Word : Jarvis
2026-07-22 00:13:19 | INFO     | JARVIS | ======================================
2026-07-22 19:19:59 | INFO     | JARVIS | ======================================
2026-07-22 19:19:59 | INFO     | JARVIS | Shutting down JARVIS...
2026-07-22 19:19:59 | INFO     | JARVIS | Goodbye!
2026-07-22 19:19:59 | INFO     | JARVIS | ======================================
2026-07-22 19:19:59 | INFO     | JARVIS | ======================================
2026-07-22 19:19:59 | INFO     | JARVIS | Starting JARVIS...
2026-07-22 19:19:59 | INFO     | JARVIS | Version : 1.0.0
2026-07-22 19:19:59 | INFO     | JARVIS | Wake Word : Jarvis
2026-07-22 19:19:59 | INFO     | JARVIS | ======================================
2026-07-22 19:21:03 | INFO     | JARVIS | ======================================
2026-07-22 19:21:03 | INFO     | JARVIS | Shutting down JARVIS...
2026-07-22 19:21:03 | INFO     | JARVIS | Goodbye!
2026-07-22 19:21:03 | INFO     | JARVIS | ======================================
2026-07-31 15:49:00 | INFO     | JARVIS | ======================================
2026-07-31 15:49:00 | INFO     | JARVIS | Starting JARVIS...
2026-07-31 15:49:00 | INFO     | JARVIS | Version : 1.0.0
2026-07-31 15:49:00 | INFO     | JARVIS | Wake Word : Jarvis
2026-07-31 15:49:00 | INFO     | JARVIS | ======================================
2026-07-31 15:49:12 | INFO     | JARVIS | ======================================
2026-07-31 15:49:12 | INFO     | JARVIS | Shutting down JARVIS...
2026-07-31 15:49:12 | INFO     | JARVIS | Goodbye!
2026-07-31 15:49:12 | INFO     | JARVIS | ======================================
2026-08-02 11:24:06 | INFO     | JARVIS | ======================================
2026-08-02 11:24:06 | INFO     | JARVIS | Starting JARVIS...
2026-08-02 11:24:06 | INFO     | JARVIS | Version : 1.0.0
2026-08-02 11:24:06 | INFO     | JARVIS | Wake Word : Jarvis
2026-08-02 11:24:06 | INFO     | JARVIS | ======================================
2026-08-02 11:25:41 | INFO     | JARVIS | New user registered: string
2026-08-02 11:30:13 | INFO     | JARVIS | New user registered: abhinay
2026-08-02 11:32:43 | INFO     | JARVIS | User 'abhinay' logged in.
2026-08-02 12:07:37 | INFO     | JARVIS | ======================================
2026-08-02 12:07:37 | INFO     | JARVIS | Shutting down JARVIS...
2026-08-02 12:07:37 | INFO     | JARVIS | Goodbye!
2026-08-02 12:07:37 | INFO     | JARVIS | ======================================
2026-08-02 12:07:38 | INFO     | JARVIS | ======================================
2026-08-02 12:07:38 | INFO     | JARVIS | Starting JARVIS...
2026-08-02 12:07:38 | INFO     | JARVIS | Version : 1.0.0
2026-08-02 12:07:38 | INFO     | JARVIS | Wake Word : Jarvis
2026-08-02 12:07:38 | INFO     | JARVIS | ======================================
2026-08-02 12:07:55 | INFO     | JARVIS | ======================================
2026-08-02 12:07:55 | INFO     | JARVIS | Shutting down JARVIS...
2026-08-02 12:07:55 | INFO     | JARVIS | Goodbye!
2026-08-02 12:07:55 | INFO     | JARVIS | ======================================
2026-08-02 12:21:15 | INFO     | JARVIS | ======================================
2026-08-02 12:21:15 | INFO     | JARVIS | Starting JARVIS...
2026-08-02 12:21:15 | INFO     | JARVIS | Version : 1.0.0
2026-08-02 12:21:15 | INFO     | JARVIS | Wake Word : Jarvis
2026-08-02 12:21:15 | INFO     | JARVIS | ======================================
2026-08-02 12:26:56 | INFO     | JARVIS | ======================================
2026-08-02 12:26:56 | INFO     | JARVIS | Shutting down JARVIS...
2026-08-02 12:26:56 | INFO     | JARVIS | Goodbye!
2026-08-02 12:26:56 | INFO     | JARVIS | ======================================
2026-08-02 12:27:23 | INFO     | JARVIS | ======================================
2026-08-02 12:27:23 | INFO     | JARVIS | Starting JARVIS...
2026-08-02 12:27:23 | INFO     | JARVIS | Version : 1.0.0
2026-08-02 12:27:23 | INFO     | JARVIS | Wake Word : Jarvis
2026-08-02 12:27:23 | INFO     | JARVIS | ======================================
2026-08-02 12:30:50 | INFO     | JARVIS | ======================================
2026-08-02 12:30:50 | INFO     | JARVIS | Shutting down JARVIS...
2026-08-02 12:30:50 | INFO     | JARVIS | Goodbye!
2026-08-02 12:30:50 | INFO     | JARVIS | ======================================
2026-08-02 12:30:50 | INFO     | JARVIS | ======================================
2026-08-02 12:30:50 | INFO     | JARVIS | Starting JARVIS...
2026-08-02 12:30:50 | INFO     | JARVIS | Version : 1.0.0
2026-08-02 12:30:50 | INFO     | JARVIS | Wake Word : Jarvis
2026-08-02 12:30:50 | INFO     | JARVIS | ======================================
2026-08-02 12:31:13 | INFO     | JARVIS | User 'abhinay' logged in.
2026-08-02 12:36:41 | INFO     | JARVIS | ======================================
2026-08-02 12:36:41 | INFO     | JARVIS | Shutting down JARVIS...
2026-08-02 12:36:41 | INFO     | JARVIS | Goodbye!
2026-08-02 12:36:41 | INFO     | JARVIS | ======================================
2026-08-02 12:36:41 | INFO     | JARVIS | ======================================
2026-08-02 12:36:41 | INFO     | JARVIS | Starting JARVIS...
2026-08-02 12:36:41 | INFO     | JARVIS | Version : 1.0.0
2026-08-02 12:36:41 | INFO     | JARVIS | Wake Word : Jarvis
2026-08-02 12:36:41 | INFO     | JARVIS | ======================================
2026-08-02 21:59:41 | INFO     | JARVIS | ======================================
2026-08-02 21:59:41 | INFO     | JARVIS | Shutting down JARVIS...
2026-08-02 21:59:41 | INFO     | JARVIS | Goodbye!
2026-08-02 21:59:41 | INFO     | JARVIS | ======================================
2026-08-02 21:59:42 | INFO     | JARVIS | ======================================
2026-08-02 21:59:42 | INFO     | JARVIS | Starting JARVIS...
2026-08-02 21:59:42 | INFO     | JARVIS | Version : 1.0.0
2026-08-02 21:59:42 | INFO     | JARVIS | Wake Word : Jarvis
2026-08-02 21:59:42 | INFO     | JARVIS | ======================================
2026-08-02 21:59:49 | INFO     | JARVIS | ======================================
2026-08-02 21:59:49 | INFO     | JARVIS | Shutting down JARVIS...
2026-08-02 21:59:49 | INFO     | JARVIS | Goodbye!
2026-08-02 21:59:49 | INFO     | JARVIS | ======================================
2026-08-02 22:13:24 | INFO     | JARVIS | ======================================
2026-08-02 22:13:24 | INFO     | JARVIS | Starting JARVIS...
2026-08-02 22:13:24 | INFO     | JARVIS | Version : 1.0.0
2026-08-02 22:13:24 | INFO     | JARVIS | Wake Word : Jarvis
2026-08-02 22:13:24 | INFO     | JARVIS | ======================================
2026-08-02 22:18:43 | INFO     | JARVIS | ======================================
2026-08-02 22:18:43 | INFO     | JARVIS | Shutting down JARVIS...
2026-08-02 22:18:43 | INFO     | JARVIS | Goodbye!
2026-08-02 22:18:43 | INFO     | JARVIS | ======================================
2026-08-02 22:22:24 | INFO     | JARVIS | ======================================
2026-08-02 22:22:24 | INFO     | JARVIS | Starting JARVIS...
2026-08-02 22:22:24 | INFO     | JARVIS | Version : 1.0.0
2026-08-02 22:22:24 | INFO     | JARVIS | Wake Word : Jarvis
2026-08-02 22:22:24 | INFO     | JARVIS | ======================================
2026-08-02 22:23:49 | INFO     | JARVIS | User 'abhinay' logged in.
2026-08-02 22:28:25 | INFO     | JARVIS | ======================================
2026-08-02 22:28:25 | INFO     | JARVIS | Shutting down JARVIS...
2026-08-02 22:28:25 | INFO     | JARVIS | Goodbye!
2026-08-02 22:28:25 | INFO     | JARVIS | ======================================
2026-08-02 22:30:06 | INFO     | JARVIS | ======================================
2026-08-02 22:30:06 | INFO     | JARVIS | Starting JARVIS...
2026-08-02 22:30:06 | INFO     | JARVIS | Version : 1.0.0
2026-08-02 22:30:06 | INFO     | JARVIS | Wake Word : Jarvis
2026-08-02 22:30:06 | INFO     | JARVIS | ======================================
2026-08-02 22:30:32 | INFO     | JARVIS | User 'abhinay' logged in.
2026-08-02 22:34:59 | INFO     | JARVIS | ======================================
2026-08-02 22:34:59 | INFO     | JARVIS | Shutting down JARVIS...
2026-08-02 22:34:59 | INFO     | JARVIS | Goodbye!
2026-08-02 22:34:59 | INFO     | JARVIS | ======================================
2026-08-02 22:35:03 | INFO     | JARVIS | ======================================
2026-08-02 22:35:03 | INFO     | JARVIS | Starting JARVIS...
2026-08-02 22:35:03 | INFO     | JARVIS | Version : 1.0.0
2026-08-02 22:35:03 | INFO     | JARVIS | Wake Word : Jarvis
2026-08-02 22:35:03 | INFO     | JARVIS | ======================================
2026-08-02 22:36:00 | INFO     | JARVIS | ======================================
2026-08-02 22:36:00 | INFO     | JARVIS | Shutting down JARVIS...
2026-08-02 22:36:00 | INFO     | JARVIS | Goodbye!
2026-08-02 22:36:00 | INFO     | JARVIS | ======================================
2026-08-02 22:38:04 | INFO     | JARVIS | ======================================
2026-08-02 22:38:04 | INFO     | JARVIS | Starting JARVIS...
2026-08-02 22:38:04 | INFO     | JARVIS | Version : 1.0.0
2026-08-02 22:38:04 | INFO     | JARVIS | Wake Word : Jarvis
2026-08-02 22:38:04 | INFO     | JARVIS | ======================================
2026-08-02 22:38:22 | INFO     | JARVIS | User 'abhinay' logged in.
2026-08-02 22:41:29 | INFO     | JARVIS | ======================================
2026-08-02 22:41:29 | INFO     | JARVIS | Shutting down JARVIS...
2026-08-02 22:41:29 | INFO     | JARVIS | Goodbye!
2026-08-02 22:41:29 | INFO     | JARVIS | ======================================
2026-08-02 22:42:20 | INFO     | JARVIS | ======================================
2026-08-02 22:42:20 | INFO     | JARVIS | Starting JARVIS...
2026-08-02 22:42:20 | INFO     | JARVIS | Version : 1.0.0
2026-08-02 22:42:20 | INFO     | JARVIS | Wake Word : Jarvis
2026-08-02 22:42:20 | INFO     | JARVIS | ======================================
2026-08-02 22:42:39 | INFO     | JARVIS | User 'abhinay' logged in.
2026-08-02 23:02:43 | INFO     | JARVIS | ======================================
2026-08-02 23:02:43 | INFO     | JARVIS | Shutting down JARVIS...
2026-08-02 23:02:43 | INFO     | JARVIS | Goodbye!
2026-08-02 23:02:43 | INFO     | JARVIS | ======================================
2026-08-02 23:02:44 | INFO     | JARVIS | ======================================
2026-08-02 23:02:44 | INFO     | JARVIS | Starting JARVIS...
2026-08-02 23:02:44 | INFO     | JARVIS | Version : 1.0.0
2026-08-02 23:02:44 | INFO     | JARVIS | Wake Word : Jarvis
2026-08-02 23:02:44 | INFO     | JARVIS | ======================================
2026-08-02 23:05:14 | INFO     | JARVIS | ======================================
2026-08-02 23:05:14 | INFO     | JARVIS | Shutting down JARVIS...
2026-08-02 23:05:14 | INFO     | JARVIS | Goodbye!
2026-08-02 23:05:14 | INFO     | JARVIS | ======================================
2026-08-02 23:09:43 | INFO     | JARVIS | ======================================
2026-08-02 23:09:43 | INFO     | JARVIS | Starting JARVIS...
2026-08-02 23:09:43 | INFO     | JARVIS | Version : 1.0.0
2026-08-02 23:09:43 | INFO     | JARVIS | Wake Word : Jarvis
2026-08-02 23:09:43 | INFO     | JARVIS | ======================================
2026-08-02 23:10:15 | INFO     | JARVIS | User 'abhinay' logged in.
2026-08-02 23:12:08 | INFO     | JARVIS | ======================================
2026-08-02 23:12:08 | INFO     | JARVIS | Shutting down JARVIS...
2026-08-02 23:12:08 | INFO     | JARVIS | Goodbye!
2026-08-02 23:12:08 | INFO     | JARVIS | ======================================
2026-08-02 23:56:10 | INFO     | JARVIS | ======================================
2026-08-02 23:56:10 | INFO     | JARVIS | Starting JARVIS...
2026-08-02 23:56:10 | INFO     | JARVIS | Version : 1.0.0
2026-08-02 23:56:10 | INFO     | JARVIS | Wake Word : Jarvis
2026-08-02 23:56:10 | INFO     | JARVIS | ======================================
2026-08-02 23:56:35 | INFO     | JARVIS | User 'abhinay' logged in.
2026-08-03 00:00:56 | INFO     | JARVIS | ======================================
2026-08-03 00:00:56 | INFO     | JARVIS | Shutting down JARVIS...
2026-08-03 00:00:56 | INFO     | JARVIS | Goodbye!
2026-08-03 00:00:56 | INFO     | JARVIS | ======================================
2026-08-03 00:00:57 | INFO     | JARVIS | ======================================
2026-08-03 00:00:57 | INFO     | JARVIS | Starting JARVIS...
2026-08-03 00:00:57 | INFO     | JARVIS | Version : 1.0.0
2026-08-03 00:00:57 | INFO     | JARVIS | Wake Word : Jarvis
2026-08-03 00:00:57 | INFO     | JARVIS | ======================================
2026-08-03 00:01:15 | INFO     | JARVIS | ======================================
2026-08-03 00:01:15 | INFO     | JARVIS | Shutting down JARVIS...
2026-08-03 00:01:15 | INFO     | JARVIS | Goodbye!
2026-08-03 00:01:15 | INFO     | JARVIS | ======================================
2026-08-03 00:01:15 | INFO     | JARVIS | ======================================
2026-08-03 00:01:15 | INFO     | JARVIS | Starting JARVIS...
2026-08-03 00:01:15 | INFO     | JARVIS | Version : 1.0.0
2026-08-03 00:01:15 | INFO     | JARVIS | Wake Word : Jarvis
2026-08-03 00:01:15 | INFO     | JARVIS | ======================================
2026-08-03 00:01:40 | INFO     | JARVIS | User 'abhinay' logged in.
2026-08-03 00:02:27 | INFO     | JARVIS | ======================================
2026-08-03 00:02:27 | INFO     | JARVIS | Shutting down JARVIS...
2026-08-03 00:02:27 | INFO     | JARVIS | Goodbye!
2026-08-03 00:02:27 | INFO     | JARVIS | ======================================
2026-08-03 00:02:48 | INFO     | JARVIS | ======================================
2026-08-03 00:02:48 | INFO     | JARVIS | Starting JARVIS...
2026-08-03 00:02:48 | INFO     | JARVIS | Version : 1.0.0
2026-08-03 00:02:48 | INFO     | JARVIS | Wake Word : Jarvis
2026-08-03 00:02:48 | INFO     | JARVIS | ======================================
2026-08-03 00:03:05 | INFO     | JARVIS | User 'abhinay' logged in.
2026-08-03 18:44:14 | INFO     | JARVIS | ======================================
2026-08-03 18:44:14 | INFO     | JARVIS | Shutting down JARVIS...
2026-08-03 18:44:14 | INFO     | JARVIS | Goodbye!
2026-08-03 18:44:14 | INFO     | JARVIS | ======================================
2026-08-03 18:44:14 | INFO     | JARVIS | ======================================
2026-08-03 18:44:14 | INFO     | JARVIS | Starting JARVIS...
2026-08-03 18:44:14 | INFO     | JARVIS | Version : 1.0.0
2026-08-03 18:44:14 | INFO     | JARVIS | Wake Word : Jarvis
2026-08-03 18:44:14 | INFO     | JARVIS | ======================================
2026-08-03 18:44:47 | INFO     | JARVIS | ======================================
2026-08-03 18:44:47 | INFO     | JARVIS | Shutting down JARVIS...
2026-08-03 18:44:47 | INFO     | JARVIS | Goodbye!
2026-08-03 18:44:47 | INFO     | JARVIS | ======================================
2026-08-03 18:44:48 | INFO     | JARVIS | ======================================
2026-08-03 18:44:48 | INFO     | JARVIS | Starting JARVIS...
2026-08-03 18:44:48 | INFO     | JARVIS | Version : 1.0.0
2026-08-03 18:44:48 | INFO     | JARVIS | Wake Word : Jarvis
2026-08-03 18:44:48 | INFO     | JARVIS | ======================================
2026-08-03 18:45:42 | INFO     | JARVIS | ======================================
2026-08-03 18:45:42 | INFO     | JARVIS | Shutting down JARVIS...
2026-08-03 18:45:42 | INFO     | JARVIS | Goodbye!
2026-08-03 18:45:42 | INFO     | JARVIS | ======================================
2026-08-03 18:45:43 | INFO     | JARVIS | ======================================
2026-08-03 18:45:43 | INFO     | JARVIS | Starting JARVIS...
2026-08-03 18:45:43 | INFO     | JARVIS | Version : 1.0.0
2026-08-03 18:45:43 | INFO     | JARVIS | Wake Word : Jarvis
2026-08-03 18:45:43 | INFO     | JARVIS | ======================================
2026-08-03 18:45:50 | INFO     | JARVIS | ======================================
2026-08-03 18:45:50 | INFO     | JARVIS | Shutting down JARVIS...
2026-08-03 18:45:50 | INFO     | JARVIS | Goodbye!
2026-08-03 18:45:50 | INFO     | JARVIS | ======================================
2026-08-03 18:45:58 | INFO     | JARVIS | ======================================
2026-08-03 18:45:58 | INFO     | JARVIS | Starting JARVIS...
2026-08-03 18:45:58 | INFO     | JARVIS | Version : 1.0.0
2026-08-03 18:45:58 | INFO     | JARVIS | Wake Word : Jarvis
2026-08-03 18:45:58 | INFO     | JARVIS | ======================================
2026-08-03 18:47:13 | INFO     | JARVIS | ======================================
2026-08-03 18:47:13 | INFO     | JARVIS | Shutting down JARVIS...
2026-08-03 18:47:13 | INFO     | JARVIS | Goodbye!
2026-08-03 18:47:13 | INFO     | JARVIS | ======================================
2026-08-03 18:47:13 | INFO     | JARVIS | ======================================
2026-08-03 18:47:13 | INFO     | JARVIS | Starting JARVIS...
2026-08-03 18:47:13 | INFO     | JARVIS | Version : 1.0.0
2026-08-03 18:47:13 | INFO     | JARVIS | Wake Word : Jarvis
2026-08-03 18:47:13 | INFO     | JARVIS | ======================================
2026-08-03 18:48:13 | INFO     | JARVIS | ======================================
2026-08-03 18:48:13 | INFO     | JARVIS | Shutting down JARVIS...
2026-08-03 18:48:13 | INFO     | JARVIS | Goodbye!
2026-08-03 18:48:13 | INFO     | JARVIS | ======================================
2026-08-03 18:48:14 | INFO     | JARVIS | ======================================
2026-08-03 18:48:14 | INFO     | JARVIS | Starting JARVIS...
2026-08-03 18:48:14 | INFO     | JARVIS | Version : 1.0.0
2026-08-03 18:48:14 | INFO     | JARVIS | Wake Word : Jarvis
2026-08-03 18:48:14 | INFO     | JARVIS | ======================================
2026-08-03 18:48:22 | INFO     | JARVIS | ======================================
2026-08-03 18:48:22 | INFO     | JARVIS | Shutting down JARVIS...
2026-08-03 18:48:22 | INFO     | JARVIS | Goodbye!
2026-08-03 18:48:22 | INFO     | JARVIS | ======================================
2026-08-03 18:48:31 | INFO     | JARVIS | ======================================
2026-08-03 18:48:31 | INFO     | JARVIS | Starting JARVIS...
2026-08-03 18:48:31 | INFO     | JARVIS | Version : 1.0.0
2026-08-03 18:48:31 | INFO     | JARVIS | Wake Word : Jarvis
2026-08-03 18:48:31 | INFO     | JARVIS | ======================================
2026-08-03 18:48:35 | INFO     | JARVIS | Incoming Request | GET | /docs | 127.0.0.1
2026-08-03 18:48:35 | INFO     | JARVIS | Completed Request | GET | /docs | 200 | 0.73 ms
2026-08-03 18:48:35 | INFO     | JARVIS | Incoming Request | GET | /openapi.json | 127.0.0.1
2026-08-03 18:48:35 | INFO     | JARVIS | Completed Request | GET | /openapi.json | 200 | 5.04 ms
2026-08-03 18:48:39 | INFO     | JARVIS | Incoming Request | GET | /docs | 127.0.0.1
2026-08-03 18:48:39 | INFO     | JARVIS | Completed Request | GET | /docs | 200 | 0.60 ms
2026-08-03 18:48:39 | INFO     | JARVIS | Incoming Request | GET | /openapi.json | 127.0.0.1
2026-08-03 18:48:39 | INFO     | JARVIS | Completed Request | GET | /openapi.json | 200 | 1.03 ms
2026-08-03 18:48:40 | INFO     | JARVIS | Incoming Request | GET | /docs | 127.0.0.1
2026-08-03 18:48:40 | INFO     | JARVIS | Completed Request | GET | /docs | 200 | 1.16 ms
2026-08-03 18:48:40 | INFO     | JARVIS | Incoming Request | GET | /openapi.json | 127.0.0.1
2026-08-03 18:48:40 | INFO     | JARVIS | Completed Request | GET | /openapi.json | 200 | 1.05 ms
2026-08-03 18:48:47 | INFO     | JARVIS | Incoming Request | POST | /auth/login | 127.0.0.1
2026-08-03 18:48:47 | INFO     | JARVIS | User 'abhinay' logged in.
2026-08-03 18:48:47 | INFO     | JARVIS | Completed Request | POST | /auth/login | 200 | 258.51 ms
2026-08-03 18:50:29 | INFO     | JARVIS | ======================================
2026-08-03 18:50:29 | INFO     | JARVIS | Shutting down JARVIS...
2026-08-03 18:50:29 | INFO     | JARVIS | Goodbye!
2026-08-03 18:50:29 | INFO     | JARVIS | ======================================
2026-08-03 18:50:30 | INFO     | JARVIS | ======================================
2026-08-03 18:50:30 | INFO     | JARVIS | Starting JARVIS...
2026-08-03 18:50:30 | INFO     | JARVIS | Version : 1.0.0
2026-08-03 18:50:30 | INFO     | JARVIS | Wake Word : Jarvis
2026-08-03 18:50:30 | INFO     | JARVIS | ======================================
2026-08-03 18:51:49 | INFO     | JARVIS | ======================================
2026-08-03 18:51:49 | INFO     | JARVIS | Shutting down JARVIS...
2026-08-03 18:51:49 | INFO     | JARVIS | Goodbye!
2026-08-03 18:51:49 | INFO     | JARVIS | ======================================
2026-08-06 13:30:45 | INFO     | JARVIS | ======================================
2026-08-06 13:30:45 | INFO     | JARVIS | Starting JARVIS...
2026-08-06 13:30:45 | INFO     | JARVIS | Version : 1.0.0
2026-08-06 13:30:45 | INFO     | JARVIS | Wake Word : Jarvis
2026-08-06 13:30:45 | INFO     | JARVIS | ======================================
2026-08-06 13:32:48 | INFO     | JARVIS | Incoming Request | GET | / | 192.168.65.1
2026-08-06 13:32:48 | INFO     | JARVIS | Completed Request | GET | / | 200 | 2.78 ms
2026-08-06 13:32:52 | INFO     | JARVIS | Incoming Request | GET | /favicon.ico | 192.168.65.1
2026-08-06 13:32:52 | INFO     | JARVIS | Completed Request | GET | /favicon.ico | 404 | 1.79 ms
